
===========================================================================
 report_power
============================================================================
======================= min_ff_n40C_1v95 Corner ===================================

Group                    Internal    Switching      Leakage        Total
                            Power        Power        Power        Power (Watts)
------------------------------------------------------------------------
Sequential           1.101589e-02 3.249723e-06 9.705110e-08 1.101923e-02  39.9%
Combinational        2.142448e-04 5.458904e-04 2.879284e-07 7.604231e-04   2.8%
Clock                1.033980e-02 5.513636e-03 6.919652e-07 1.585413e-02  57.4%
Macro                0.000000e+00 0.000000e+00 0.000000e+00 0.000000e+00   0.0%
Pad                  0.000000e+00 0.000000e+00 0.000000e+00 0.000000e+00   0.0%
------------------------------------------------------------------------
Total                2.156988e-02 6.062774e-03 1.076997e-06 2.763373e-02 100.0%
                            78.1%        21.9%         0.0%

