
===========================================================================
report_checks -unconstrained
===========================================================================
======================= max_ff_n40C_1v95 Corner ===================================

Startpoint: wb_rst_i (input port clocked by clk)
Endpoint: _40561_ (recovery check against rising-edge clock clk)
Path Group: asynchronous
Path Type: max

Fanout         Cap        Slew       Delay        Time   Description
---------------------------------------------------------------------------------------------
                                  0.000000    0.000000   clock clk (rise edge)
                                  5.570000    5.570000   clock network delay (propagated)
                                 12.500000   18.070000 v input external delay
     1    0.003187    0.000000    0.000000   18.070000 v wb_rst_i (in)
                                                         wb_rst_i (net)
                      0.000181    0.000091   18.070089 v input14/A (sky130_fd_sc_hd__buf_4)
     1    0.045388    0.054292    0.100261   18.170351 v input14/X (sky130_fd_sc_hd__buf_4)
                                                         net14 (net)
                      0.061901    0.015474   18.185825 v fanout1978/A (sky130_fd_sc_hd__buf_12)
    10    0.262813    0.064169    0.123169   18.308994 v fanout1978/X (sky130_fd_sc_hd__buf_12)
                                                         net1978 (net)
                      0.205325    0.094932   18.403927 v fanout1888/A (sky130_fd_sc_hd__buf_12)
     5    0.115913    0.040400    0.166780   18.570707 v fanout1888/X (sky130_fd_sc_hd__buf_12)
                                                         net1888 (net)
                      0.042213    0.004690   18.575396 v fanout1874/A (sky130_fd_sc_hd__clkbuf_16)
     9    0.135171    0.066772    0.133515   18.708910 v fanout1874/X (sky130_fd_sc_hd__clkbuf_16)
                                                         net1874 (net)
                      0.100156    0.036685   18.745596 v fanout1873/A (sky130_fd_sc_hd__buf_4)
     5    0.053906    0.060195    0.151875   18.897470 v fanout1873/X (sky130_fd_sc_hd__buf_4)
                                                         net1873 (net)
                      0.061638    0.007317   18.904787 v fanout1872/A (sky130_fd_sc_hd__buf_4)
     7    0.046568    0.054646    0.128846   19.033634 v fanout1872/X (sky130_fd_sc_hd__buf_4)
                                                         net1872 (net)
                      0.054941    0.003363   19.036997 v fanout1871/A (sky130_fd_sc_hd__buf_4)
    10    0.059599    0.066801    0.132053   19.169048 v fanout1871/X (sky130_fd_sc_hd__buf_4)
                                                         net1871 (net)
                      0.066855    0.001648   19.170698 v fanout1870/A (sky130_fd_sc_hd__buf_4)
    10    0.051139    0.057685    0.136092   19.306789 v fanout1870/X (sky130_fd_sc_hd__buf_4)
                                                         net1870 (net)
                      0.058110    0.003844   19.310633 v _21348_/A (sky130_fd_sc_hd__inv_2)
     1    0.003627    0.024077    0.039126   19.349760 ^ _21348_/Y (sky130_fd_sc_hd__inv_2)
                                                         _02555_ (net)
                      0.024078    0.000194   19.349953 ^ _40561_/SET_B (sky130_fd_sc_hd__dfstp_1)
                                             19.349953   data arrival time

                                 25.000000   25.000000   clock clk (rise edge)
                                  4.650000   29.650000   clock source latency
     2    0.135871    0.610000    0.000000   29.650000 ^ wb_clk_i (in)
                                                         wb_clk_i (net)
                      0.779938    0.084968   29.734968 ^ clkbuf_0_wb_clk_i/A (sky130_fd_sc_hd__clkbuf_16)
     2    0.058611    0.073822    0.161190   29.896158 ^ clkbuf_0_wb_clk_i/X (sky130_fd_sc_hd__clkbuf_16)
                                                         clknet_0_wb_clk_i (net)
                      0.075645    0.009258   29.905416 ^ clkbuf_1_1_0_wb_clk_i/A (sky130_fd_sc_hd__clkbuf_8)
     4    0.060071    0.087263    0.129845   30.035261 ^ clkbuf_1_1_0_wb_clk_i/X (sky130_fd_sc_hd__clkbuf_8)
                                                         clknet_1_1_0_wb_clk_i (net)
                      0.090546    0.013269   30.048531 ^ clkbuf_2_2_0_wb_clk_i/A (sky130_fd_sc_hd__clkbuf_8)
     4    0.056201    0.081422    0.134087   30.182617 ^ clkbuf_2_2_0_wb_clk_i/X (sky130_fd_sc_hd__clkbuf_8)
                                                         clknet_2_2_0_wb_clk_i (net)
                      0.083109    0.009269   30.191885 ^ clkbuf_4_9_0_wb_clk_i/A (sky130_fd_sc_hd__clkbuf_8)
     8    0.091186    0.125031    0.156437   30.348322 ^ clkbuf_4_9_0_wb_clk_i/X (sky130_fd_sc_hd__clkbuf_8)
                                                         clknet_4_9_0_wb_clk_i (net)
                      0.129261    0.018108   30.366430 ^ clkbuf_7_79_0_wb_clk_i/A (sky130_fd_sc_hd__clkbuf_8)
    12    0.082116    0.114394    0.165102   30.531532 ^ clkbuf_7_79_0_wb_clk_i/X (sky130_fd_sc_hd__clkbuf_8)
                                                         clknet_7_79_0_wb_clk_i (net)
                      0.115489    0.009010   30.540541 ^ clkbuf_leaf_503_wb_clk_i/A (sky130_fd_sc_hd__clkbuf_8)
     5    0.017497    0.035831    0.108315   30.648857 ^ clkbuf_leaf_503_wb_clk_i/X (sky130_fd_sc_hd__clkbuf_8)
                                                         clknet_leaf_503_wb_clk_i (net)
                      0.035854    0.000782   30.649639 ^ _40561_/CLK (sky130_fd_sc_hd__dfstp_1)
                                 -0.250000   30.399637   clock uncertainty
                                  0.000000   30.399637   clock reconvergence pessimism
                                  0.085933   30.485571   library recovery time
                                             30.485571   data required time
---------------------------------------------------------------------------------------------
                                             30.485571   data required time
                                            -19.349953   data arrival time
---------------------------------------------------------------------------------------------
                                             11.135617   slack (MET)


Startpoint: wb_rst_i (input port clocked by clk)
Endpoint: _40514_ (rising edge-triggered flip-flop clocked by clk)
Path Group: clk
Path Type: max

Fanout         Cap        Slew       Delay        Time   Description
---------------------------------------------------------------------------------------------
                                  0.000000    0.000000   clock clk (rise edge)
                                  5.570000    5.570000   clock network delay (propagated)
                                 12.500000   18.070000 ^ input external delay
     1    0.003448    0.000000    0.000000   18.070000 ^ wb_rst_i (in)
                                                         wb_rst_i (net)
                      0.000199    0.000099   18.070099 ^ input14/A (sky130_fd_sc_hd__buf_4)
     1    0.046275    0.100693    0.106208   18.176308 ^ input14/X (sky130_fd_sc_hd__buf_4)
                                                         net14 (net)
                      0.105188    0.016655   18.192963 ^ fanout1978/A (sky130_fd_sc_hd__buf_12)
    10    0.266614    0.216686    0.161748   18.354710 ^ fanout1978/X (sky130_fd_sc_hd__buf_12)
                                                         net1978 (net)
                      0.298125    0.103762   18.458473 ^ fanout1888/A (sky130_fd_sc_hd__buf_12)
     5    0.118458    0.098366    0.111568   18.570040 ^ fanout1888/X (sky130_fd_sc_hd__buf_12)
                                                         net1888 (net)
                      0.098571    0.004826   18.574867 ^ fanout1874/A (sky130_fd_sc_hd__clkbuf_16)
     9    0.137377    0.113319    0.151513   18.726379 ^ fanout1874/X (sky130_fd_sc_hd__clkbuf_16)
                                                         net1874 (net)
                      0.136719    0.038973   18.765352 ^ fanout1873/A (sky130_fd_sc_hd__buf_4)
     5    0.055194    0.118742    0.154746   18.920097 ^ fanout1873/X (sky130_fd_sc_hd__buf_4)
                                                         net1873 (net)
                      0.119493    0.007606   18.927704 ^ fanout1872/A (sky130_fd_sc_hd__buf_4)
     7    0.048925    0.106433    0.142711   19.070415 ^ fanout1872/X (sky130_fd_sc_hd__buf_4)
                                                         net1872 (net)
                      0.106603    0.003553   19.073967 ^ fanout1871/A (sky130_fd_sc_hd__buf_4)
    10    0.063163    0.135097    0.156533   19.230501 ^ fanout1871/X (sky130_fd_sc_hd__buf_4)
                                                         net1871 (net)
                      0.135127    0.001755   19.232256 ^ fanout1870/A (sky130_fd_sc_hd__buf_4)
    10    0.054610    0.117519    0.154118   19.386374 ^ fanout1870/X (sky130_fd_sc_hd__buf_4)
                                                         net1870 (net)
                      0.117997    0.006079   19.392452 ^ _19090_/A (sky130_fd_sc_hd__nor3_1)
     1    0.002981    0.041229    0.042354   19.434807 v _19090_/Y (sky130_fd_sc_hd__nor3_1)
                                                         _17321_ (net)
                      0.041229    0.000213   19.435019 v _19091_/B1 (sky130_fd_sc_hd__o22a_1)
     1    0.002121    0.024446    0.101819   19.536839 v _19091_/X (sky130_fd_sc_hd__o22a_1)
                                                         _08086_ (net)
                      0.024446    0.000160   19.536999 v _40514_/D (sky130_fd_sc_hd__dfxtp_1)
                                             19.536999   data arrival time

                                 25.000000   25.000000   clock clk (rise edge)
                                  4.650000   29.650000   clock source latency
     2    0.135871    0.610000    0.000000   29.650000 ^ wb_clk_i (in)
                                                         wb_clk_i (net)
                      0.779938    0.084968   29.734968 ^ clkbuf_0_wb_clk_i/A (sky130_fd_sc_hd__clkbuf_16)
     2    0.058611    0.073822    0.161190   29.896158 ^ clkbuf_0_wb_clk_i/X (sky130_fd_sc_hd__clkbuf_16)
                                                         clknet_0_wb_clk_i (net)
                      0.075645    0.009258   29.905416 ^ clkbuf_1_1_0_wb_clk_i/A (sky130_fd_sc_hd__clkbuf_8)
     4    0.060071    0.087263    0.129845   30.035261 ^ clkbuf_1_1_0_wb_clk_i/X (sky130_fd_sc_hd__clkbuf_8)
                                                         clknet_1_1_0_wb_clk_i (net)
                      0.090484    0.013145   30.048405 ^ clkbuf_2_3_0_wb_clk_i/A (sky130_fd_sc_hd__clkbuf_8)
     4    0.058698    0.084574    0.136847   30.185253 ^ clkbuf_2_3_0_wb_clk_i/X (sky130_fd_sc_hd__clkbuf_8)
                                                         clknet_2_3_0_wb_clk_i (net)
                      0.085917    0.008459   30.193712 ^ clkbuf_4_12_0_wb_clk_i/A (sky130_fd_sc_hd__clkbuf_8)
     8    0.086158    0.119628    0.155943   30.349655 ^ clkbuf_4_12_0_wb_clk_i/X (sky130_fd_sc_hd__clkbuf_8)
                                                         clknet_4_12_0_wb_clk_i (net)
                      0.121329    0.011440   30.361094 ^ clkbuf_7_101_0_wb_clk_i/A (sky130_fd_sc_hd__clkbuf_8)
     9    0.074253    0.103909    0.158302   30.519396 ^ clkbuf_7_101_0_wb_clk_i/X (sky130_fd_sc_hd__clkbuf_8)
                                                         clknet_7_101_0_wb_clk_i (net)
                      0.104296    0.005187   30.524582 ^ clkbuf_leaf_498_wb_clk_i/A (sky130_fd_sc_hd__clkbuf_8)
     6    0.017662    0.035819    0.105395   30.629978 ^ clkbuf_leaf_498_wb_clk_i/X (sky130_fd_sc_hd__clkbuf_8)
                                                         clknet_leaf_498_wb_clk_i (net)
                      0.035849    0.000902   30.630880 ^ _40514_/CLK (sky130_fd_sc_hd__dfxtp_1)
                                 -0.250000   30.380878   clock uncertainty
                                  0.000000   30.380878   clock reconvergence pessimism
                                 -0.066935   30.313942   library setup time
                                             30.313942   data required time
---------------------------------------------------------------------------------------------
                                             30.313942   data required time
                                            -19.536999   data arrival time
---------------------------------------------------------------------------------------------
                                             10.776944   slack (MET)




===========================================================================
report_checks --slack_max -0.01
============================================================================
======================= max_ff_n40C_1v95 Corner ===================================

No paths found.


===========================================================================
 report_check_types -max_slew -max_cap -max_fanout -violators
============================================================================
======================= max_ff_n40C_1v95 Corner ===================================

max fanout

Pin                                   Limit Fanout  Slack
---------------------------------------------------------
fanout371/X                              10     25    -15 (VIOLATED)
input3/X                                 10     23    -13 (VIOLATED)
_22619_/Y                                10     20    -10 (VIOLATED)
clkbuf_7_32_0_wb_clk_i/X                 10     18     -8 (VIOLATED)
clkbuf_7_34_0_wb_clk_i/X                 10     17     -7 (VIOLATED)
clkbuf_7_37_0_wb_clk_i/X                 10     17     -7 (VIOLATED)
clkbuf_7_90_0_wb_clk_i/X                 10     17     -7 (VIOLATED)
clkbuf_7_95_0_wb_clk_i/X                 10     16     -6 (VIOLATED)
fanout539/X                              10     16     -6 (VIOLATED)
fanout826/X                              10     16     -6 (VIOLATED)
clkbuf_7_14_0_wb_clk_i/X                 10     15     -5 (VIOLATED)
clkbuf_7_39_0_wb_clk_i/X                 10     15     -5 (VIOLATED)
clkbuf_7_55_0_wb_clk_i/X                 10     15     -5 (VIOLATED)
clkbuf_7_92_0_wb_clk_i/X                 10     15     -5 (VIOLATED)
fanout1328/X                             10     15     -5 (VIOLATED)
fanout1342/X                             10     15     -5 (VIOLATED)
fanout1368/X                             10     15     -5 (VIOLATED)
fanout1474/X                             10     15     -5 (VIOLATED)
fanout1611/X                             10     15     -5 (VIOLATED)
fanout322/X                              10     15     -5 (VIOLATED)
hold75/X                                 10     15     -5 (VIOLATED)
clkbuf_7_108_0_wb_clk_i/X                10     14     -4 (VIOLATED)
clkbuf_7_10_0_wb_clk_i/X                 10     14     -4 (VIOLATED)
clkbuf_7_13_0_wb_clk_i/X                 10     14     -4 (VIOLATED)
clkbuf_7_15_0_wb_clk_i/X                 10     14     -4 (VIOLATED)
clkbuf_7_17_0_wb_clk_i/X                 10     14     -4 (VIOLATED)
clkbuf_7_21_0_wb_clk_i/X                 10     14     -4 (VIOLATED)
clkbuf_7_22_0_wb_clk_i/X                 10     14     -4 (VIOLATED)
clkbuf_7_35_0_wb_clk_i/X                 10     14     -4 (VIOLATED)
clkbuf_7_91_0_wb_clk_i/X                 10     14     -4 (VIOLATED)
clkbuf_7_93_0_wb_clk_i/X                 10     14     -4 (VIOLATED)
clkbuf_7_94_0_wb_clk_i/X                 10     14     -4 (VIOLATED)
clkbuf_7_9_0_wb_clk_i/X                  10     14     -4 (VIOLATED)
fanout1621/X                             10     14     -4 (VIOLATED)
fanout1651/X                             10     14     -4 (VIOLATED)
fanout1662/X                             10     14     -4 (VIOLATED)
fanout1663/X                             10     14     -4 (VIOLATED)
fanout373/X                              10     14     -4 (VIOLATED)
fanout382/X                              10     14     -4 (VIOLATED)
fanout480/X                              10     14     -4 (VIOLATED)
fanout511/X                              10     14     -4 (VIOLATED)
_21719_/Y                                10     13     -3 (VIOLATED)
_29663_/X                                10     13     -3 (VIOLATED)
clkbuf_7_111_0_wb_clk_i/X                10     13     -3 (VIOLATED)
clkbuf_7_11_0_wb_clk_i/X                 10     13     -3 (VIOLATED)
clkbuf_7_18_0_wb_clk_i/X                 10     13     -3 (VIOLATED)
clkbuf_7_19_0_wb_clk_i/X                 10     13     -3 (VIOLATED)
clkbuf_7_24_0_wb_clk_i/X                 10     13     -3 (VIOLATED)
clkbuf_7_27_0_wb_clk_i/X                 10     13     -3 (VIOLATED)
clkbuf_7_28_0_wb_clk_i/X                 10     13     -3 (VIOLATED)
clkbuf_7_31_0_wb_clk_i/X                 10     13     -3 (VIOLATED)
clkbuf_7_33_0_wb_clk_i/X                 10     13     -3 (VIOLATED)
clkbuf_7_36_0_wb_clk_i/X                 10     13     -3 (VIOLATED)
clkbuf_7_40_0_wb_clk_i/X                 10     13     -3 (VIOLATED)
clkbuf_7_45_0_wb_clk_i/X                 10     13     -3 (VIOLATED)
clkbuf_7_49_0_wb_clk_i/X                 10     13     -3 (VIOLATED)
clkbuf_7_52_0_wb_clk_i/X                 10     13     -3 (VIOLATED)
clkbuf_7_54_0_wb_clk_i/X                 10     13     -3 (VIOLATED)
clkbuf_7_64_0_wb_clk_i/X                 10     13     -3 (VIOLATED)
clkbuf_7_68_0_wb_clk_i/X                 10     13     -3 (VIOLATED)
clkbuf_7_71_0_wb_clk_i/X                 10     13     -3 (VIOLATED)
clkbuf_7_89_0_wb_clk_i/X                 10     13     -3 (VIOLATED)
clkbuf_7_8_0_wb_clk_i/X                  10     13     -3 (VIOLATED)
fanout1389/X                             10     13     -3 (VIOLATED)
fanout1404/X                             10     13     -3 (VIOLATED)
fanout1421/X                             10     13     -3 (VIOLATED)
fanout1440/X                             10     13     -3 (VIOLATED)
fanout1444/X                             10     13     -3 (VIOLATED)
fanout1456/X                             10     13     -3 (VIOLATED)
fanout1472/X                             10     13     -3 (VIOLATED)
fanout1519/X                             10     13     -3 (VIOLATED)
fanout1526/X                             10     13     -3 (VIOLATED)
fanout1544/X                             10     13     -3 (VIOLATED)
fanout1549/X                             10     13     -3 (VIOLATED)
fanout1584/X                             10     13     -3 (VIOLATED)
fanout1641/X                             10     13     -3 (VIOLATED)
fanout324/X                              10     13     -3 (VIOLATED)
fanout325/X                              10     13     -3 (VIOLATED)
fanout400/X                              10     13     -3 (VIOLATED)
fanout428/X                              10     13     -3 (VIOLATED)
fanout457/X                              10     13     -3 (VIOLATED)
fanout490/X                              10     13     -3 (VIOLATED)
fanout510/X                              10     13     -3 (VIOLATED)
fanout515/X                              10     13     -3 (VIOLATED)
fanout524/X                              10     13     -3 (VIOLATED)
fanout530/X                              10     13     -3 (VIOLATED)
fanout547/X                              10     13     -3 (VIOLATED)
fanout584/X                              10     13     -3 (VIOLATED)
fanout726/X                              10     13     -3 (VIOLATED)
_29895_/X                                10     12     -2 (VIOLATED)
_31660_/X                                10     12     -2 (VIOLATED)
_32295_/X                                10     12     -2 (VIOLATED)
clkbuf_7_0_0_wb_clk_i/X                  10     12     -2 (VIOLATED)
clkbuf_7_104_0_wb_clk_i/X                10     12     -2 (VIOLATED)
clkbuf_7_107_0_wb_clk_i/X                10     12     -2 (VIOLATED)
clkbuf_7_126_0_wb_clk_i/X                10     12     -2 (VIOLATED)
clkbuf_7_1_0_wb_clk_i/X                  10     12     -2 (VIOLATED)
clkbuf_7_20_0_wb_clk_i/X                 10     12     -2 (VIOLATED)
clkbuf_7_26_0_wb_clk_i/X                 10     12     -2 (VIOLATED)
clkbuf_7_38_0_wb_clk_i/X                 10     12     -2 (VIOLATED)
clkbuf_7_46_0_wb_clk_i/X                 10     12     -2 (VIOLATED)
clkbuf_7_48_0_wb_clk_i/X                 10     12     -2 (VIOLATED)
clkbuf_7_50_0_wb_clk_i/X                 10     12     -2 (VIOLATED)
clkbuf_7_51_0_wb_clk_i/X                 10     12     -2 (VIOLATED)
clkbuf_7_59_0_wb_clk_i/X                 10     12     -2 (VIOLATED)
clkbuf_7_60_0_wb_clk_i/X                 10     12     -2 (VIOLATED)
clkbuf_7_61_0_wb_clk_i/X                 10     12     -2 (VIOLATED)
clkbuf_7_62_0_wb_clk_i/X                 10     12     -2 (VIOLATED)
clkbuf_7_63_0_wb_clk_i/X                 10     12     -2 (VIOLATED)
clkbuf_7_65_0_wb_clk_i/X                 10     12     -2 (VIOLATED)
clkbuf_7_66_0_wb_clk_i/X                 10     12     -2 (VIOLATED)
clkbuf_7_67_0_wb_clk_i/X                 10     12     -2 (VIOLATED)
clkbuf_7_70_0_wb_clk_i/X                 10     12     -2 (VIOLATED)
clkbuf_7_72_0_wb_clk_i/X                 10     12     -2 (VIOLATED)
clkbuf_7_73_0_wb_clk_i/X                 10     12     -2 (VIOLATED)
clkbuf_7_74_0_wb_clk_i/X                 10     12     -2 (VIOLATED)
clkbuf_7_77_0_wb_clk_i/X                 10     12     -2 (VIOLATED)
clkbuf_7_78_0_wb_clk_i/X                 10     12     -2 (VIOLATED)
clkbuf_7_79_0_wb_clk_i/X                 10     12     -2 (VIOLATED)
clkbuf_7_96_0_wb_clk_i/X                 10     12     -2 (VIOLATED)
clkbuf_7_99_0_wb_clk_i/X                 10     12     -2 (VIOLATED)
fanout1327/X                             10     12     -2 (VIOLATED)
fanout1330/X                             10     12     -2 (VIOLATED)
fanout1334/X                             10     12     -2 (VIOLATED)
fanout1337/X                             10     12     -2 (VIOLATED)
fanout1344/X                             10     12     -2 (VIOLATED)
fanout1367/X                             10     12     -2 (VIOLATED)
fanout1369/X                             10     12     -2 (VIOLATED)
fanout1371/X                             10     12     -2 (VIOLATED)
fanout1395/X                             10     12     -2 (VIOLATED)
fanout1419/X                             10     12     -2 (VIOLATED)
fanout1432/X                             10     12     -2 (VIOLATED)
fanout1435/X                             10     12     -2 (VIOLATED)
fanout1454/X                             10     12     -2 (VIOLATED)
fanout1481/X                             10     12     -2 (VIOLATED)
fanout1494/X                             10     12     -2 (VIOLATED)
fanout1538/X                             10     12     -2 (VIOLATED)
fanout1543/X                             10     12     -2 (VIOLATED)
fanout1568/X                             10     12     -2 (VIOLATED)
fanout1569/X                             10     12     -2 (VIOLATED)
fanout1570/X                             10     12     -2 (VIOLATED)
fanout1575/X                             10     12     -2 (VIOLATED)
fanout1599/X                             10     12     -2 (VIOLATED)
fanout1600/X                             10     12     -2 (VIOLATED)
fanout1643/X                             10     12     -2 (VIOLATED)
fanout1645/X                             10     12     -2 (VIOLATED)
fanout1650/X                             10     12     -2 (VIOLATED)
fanout176/X                              10     12     -2 (VIOLATED)
fanout187/X                              10     12     -2 (VIOLATED)
fanout308/X                              10     12     -2 (VIOLATED)
fanout323/X                              10     12     -2 (VIOLATED)
fanout326/X                              10     12     -2 (VIOLATED)
fanout375/X                              10     12     -2 (VIOLATED)
fanout376/X                              10     12     -2 (VIOLATED)
fanout379/X                              10     12     -2 (VIOLATED)
fanout390/X                              10     12     -2 (VIOLATED)
fanout517/X                              10     12     -2 (VIOLATED)
fanout526/X                              10     12     -2 (VIOLATED)
fanout563/X                              10     12     -2 (VIOLATED)
fanout634/X                              10     12     -2 (VIOLATED)
fanout636/X                              10     12     -2 (VIOLATED)
fanout637/X                              10     12     -2 (VIOLATED)
hold61/X                                 10     12     -2 (VIOLATED)
input12/X                                10     12     -2 (VIOLATED)
input13/X                                10     12     -2 (VIOLATED)
input2/X                                 10     12     -2 (VIOLATED)
input4/X                                 10     12     -2 (VIOLATED)
input5/X                                 10     12     -2 (VIOLATED)
input6/X                                 10     12     -2 (VIOLATED)
input7/X                                 10     12     -2 (VIOLATED)
input8/X                                 10     12     -2 (VIOLATED)
input9/X                                 10     12     -2 (VIOLATED)
_29861_/X                                10     11        (VIOLATED)
_29928_/Y                                10     11        (VIOLATED)
clkbuf_7_102_0_wb_clk_i/X                10     11        (VIOLATED)
clkbuf_7_105_0_wb_clk_i/X                10     11        (VIOLATED)
clkbuf_7_109_0_wb_clk_i/X                10     11        (VIOLATED)
clkbuf_7_110_0_wb_clk_i/X                10     11        (VIOLATED)
clkbuf_7_113_0_wb_clk_i/X                10     11        (VIOLATED)
clkbuf_7_114_0_wb_clk_i/X                10     11        (VIOLATED)
clkbuf_7_115_0_wb_clk_i/X                10     11        (VIOLATED)
clkbuf_7_120_0_wb_clk_i/X                10     11        (VIOLATED)
clkbuf_7_121_0_wb_clk_i/X                10     11        (VIOLATED)
clkbuf_7_127_0_wb_clk_i/X                10     11        (VIOLATED)
clkbuf_7_12_0_wb_clk_i/X                 10     11        (VIOLATED)
clkbuf_7_16_0_wb_clk_i/X                 10     11        (VIOLATED)
clkbuf_7_29_0_wb_clk_i/X                 10     11        (VIOLATED)
clkbuf_7_41_0_wb_clk_i/X                 10     11        (VIOLATED)
clkbuf_7_44_0_wb_clk_i/X                 10     11        (VIOLATED)
clkbuf_7_56_0_wb_clk_i/X                 10     11        (VIOLATED)
clkbuf_7_57_0_wb_clk_i/X                 10     11        (VIOLATED)
clkbuf_7_5_0_wb_clk_i/X                  10     11        (VIOLATED)
clkbuf_7_69_0_wb_clk_i/X                 10     11        (VIOLATED)
clkbuf_7_76_0_wb_clk_i/X                 10     11        (VIOLATED)
clkbuf_7_80_0_wb_clk_i/X                 10     11        (VIOLATED)
clkbuf_7_82_0_wb_clk_i/X                 10     11        (VIOLATED)
clkbuf_7_84_0_wb_clk_i/X                 10     11        (VIOLATED)
clkbuf_7_88_0_wb_clk_i/X                 10     11        (VIOLATED)
fanout1036/X                             10     11        (VIOLATED)
fanout1039/X                             10     11        (VIOLATED)
fanout1108/X                             10     11        (VIOLATED)
fanout1110/X                             10     11        (VIOLATED)
fanout1244/X                             10     11        (VIOLATED)
fanout1256/X                             10     11        (VIOLATED)
fanout132/X                              10     11        (VIOLATED)
fanout1321/X                             10     11        (VIOLATED)
fanout1329/X                             10     11        (VIOLATED)
fanout1365/X                             10     11        (VIOLATED)
fanout138/X                              10     11        (VIOLATED)
fanout1394/X                             10     11        (VIOLATED)
fanout1398/X                             10     11        (VIOLATED)
fanout1402/X                             10     11        (VIOLATED)
fanout1403/X                             10     11        (VIOLATED)
fanout1409/X                             10     11        (VIOLATED)
fanout1415/X                             10     11        (VIOLATED)
fanout1417/X                             10     11        (VIOLATED)
fanout1420/X                             10     11        (VIOLATED)
fanout1429/X                             10     11        (VIOLATED)
fanout1449/X                             10     11        (VIOLATED)
fanout1484/X                             10     11        (VIOLATED)
fanout1493/X                             10     11        (VIOLATED)
fanout1503/X                             10     11        (VIOLATED)
fanout1506/X                             10     11        (VIOLATED)
fanout1511/X                             10     11        (VIOLATED)
fanout1512/X                             10     11        (VIOLATED)
fanout1530/X                             10     11        (VIOLATED)
fanout1532/X                             10     11        (VIOLATED)
fanout1537/X                             10     11        (VIOLATED)
fanout1541/X                             10     11        (VIOLATED)
fanout1550/X                             10     11        (VIOLATED)
fanout1552/X                             10     11        (VIOLATED)
fanout1553/X                             10     11        (VIOLATED)
fanout1556/X                             10     11        (VIOLATED)
fanout1559/X                             10     11        (VIOLATED)
fanout156/X                              10     11        (VIOLATED)
fanout1573/X                             10     11        (VIOLATED)
fanout1576/X                             10     11        (VIOLATED)
fanout1592/X                             10     11        (VIOLATED)
fanout1633/X                             10     11        (VIOLATED)
fanout1666/X                             10     11        (VIOLATED)
fanout1667/X                             10     11        (VIOLATED)
fanout1668/X                             10     11        (VIOLATED)
fanout172/X                              10     11        (VIOLATED)
fanout256/X                              10     11        (VIOLATED)
fanout266/X                              10     11        (VIOLATED)
fanout281/X                              10     11        (VIOLATED)
fanout282/X                              10     11        (VIOLATED)
fanout292/X                              10     11        (VIOLATED)
fanout303/X                              10     11        (VIOLATED)
fanout332/X                              10     11        (VIOLATED)
fanout354/X                              10     11        (VIOLATED)
fanout365/X                              10     11        (VIOLATED)
fanout392/X                              10     11        (VIOLATED)
fanout393/X                              10     11        (VIOLATED)
fanout402/X                              10     11        (VIOLATED)
fanout403/X                              10     11        (VIOLATED)
fanout412/X                              10     11        (VIOLATED)
fanout413/X                              10     11        (VIOLATED)
fanout416/X                              10     11        (VIOLATED)
fanout418/X                              10     11        (VIOLATED)
fanout434/X                              10     11        (VIOLATED)
fanout438/X                              10     11        (VIOLATED)
fanout440/X                              10     11        (VIOLATED)
fanout443/X                              10     11        (VIOLATED)
fanout444/X                              10     11        (VIOLATED)
fanout446/X                              10     11        (VIOLATED)
fanout447/X                              10     11        (VIOLATED)
fanout450/X                              10     11        (VIOLATED)
fanout456/X                              10     11        (VIOLATED)
fanout459/X                              10     11        (VIOLATED)
fanout461/X                              10     11        (VIOLATED)
fanout462/X                              10     11        (VIOLATED)
fanout469/X                              10     11        (VIOLATED)
fanout471/X                              10     11        (VIOLATED)
fanout492/X                              10     11        (VIOLATED)
fanout494/X                              10     11        (VIOLATED)
fanout507/X                              10     11        (VIOLATED)
fanout512/X                              10     11        (VIOLATED)
fanout520/X                              10     11        (VIOLATED)
fanout538/X                              10     11        (VIOLATED)
fanout551/X                              10     11        (VIOLATED)
fanout554/X                              10     11        (VIOLATED)
fanout557/X                              10     11        (VIOLATED)
fanout575/X                              10     11        (VIOLATED)
fanout580/X                              10     11        (VIOLATED)
fanout582/X                              10     11        (VIOLATED)
fanout586/X                              10     11        (VIOLATED)
fanout587/X                              10     11        (VIOLATED)
fanout589/X                              10     11        (VIOLATED)
fanout591/X                              10     11        (VIOLATED)
fanout618/X                              10     11        (VIOLATED)
fanout727/X                              10     11        (VIOLATED)
fanout896/X                              10     11        (VIOLATED)
hold57/X                                 10     11        (VIOLATED)



===========================================================================
report_parasitic_annotation -report_unannotated
============================================================================
Found 1817 unannotated drivers.
 analog_io[0]
 analog_io[10]
 analog_io[11]
 analog_io[12]
 analog_io[13]
 analog_io[14]
 analog_io[15]
 analog_io[16]
 analog_io[17]
 analog_io[18]
 analog_io[19]
 analog_io[1]
 analog_io[20]
 analog_io[21]
 analog_io[22]
 analog_io[23]
 analog_io[24]
 analog_io[25]
 analog_io[26]
 analog_io[27]
 analog_io[28]
 analog_io[2]
 analog_io[3]
 analog_io[4]
 analog_io[5]
 analog_io[6]
 analog_io[7]
 analog_io[8]
 analog_io[9]
 io_in[10]
 io_in[12]
 io_in[14]
 io_in[16]
 io_in[18]
 io_in[19]
 io_in[1]
 io_in[20]
 io_in[22]
 io_in[23]
 io_in[24]
 io_in[26]
 io_in[27]
 io_in[28]
 io_in[30]
 io_in[31]
 io_in[32]
 io_in[34]
 io_in[35]
 io_in[36]
 io_in[37]
 io_in[3]
 io_in[5]
 io_in[7]
 io_in[8]
 la_data_in[0]
 la_data_in[100]
 la_data_in[101]
 la_data_in[102]
 la_data_in[103]
 la_data_in[104]
 la_data_in[105]
 la_data_in[106]
 la_data_in[107]
 la_data_in[108]
 la_data_in[109]
 la_data_in[10]
 la_data_in[110]
 la_data_in[111]
 la_data_in[112]
 la_data_in[113]
 la_data_in[114]
 la_data_in[115]
 la_data_in[116]
 la_data_in[117]
 la_data_in[118]
 la_data_in[119]
 la_data_in[11]
 la_data_in[120]
 la_data_in[121]
 la_data_in[122]
 la_data_in[123]
 la_data_in[124]
 la_data_in[125]
 la_data_in[126]
 la_data_in[127]
 la_data_in[12]
 la_data_in[13]
 la_data_in[14]
 la_data_in[15]
 la_data_in[16]
 la_data_in[17]
 la_data_in[18]
 la_data_in[19]
 la_data_in[1]
 la_data_in[20]
 la_data_in[21]
 la_data_in[22]
 la_data_in[23]
 la_data_in[24]
 la_data_in[25]
 la_data_in[26]
 la_data_in[27]
 la_data_in[28]
 la_data_in[29]
 la_data_in[2]
 la_data_in[30]
 la_data_in[31]
 la_data_in[32]
 la_data_in[33]
 la_data_in[34]
 la_data_in[35]
 la_data_in[36]
 la_data_in[37]
 la_data_in[38]
 la_data_in[39]
 la_data_in[3]
 la_data_in[40]
 la_data_in[41]
 la_data_in[42]
 la_data_in[43]
 la_data_in[44]
 la_data_in[45]
 la_data_in[46]
 la_data_in[47]
 la_data_in[48]
 la_data_in[49]
 la_data_in[4]
 la_data_in[50]
 la_data_in[51]
 la_data_in[52]
 la_data_in[53]
 la_data_in[54]
 la_data_in[55]
 la_data_in[56]
 la_data_in[57]
 la_data_in[58]
 la_data_in[59]
 la_data_in[5]
 la_data_in[60]
 la_data_in[61]
 la_data_in[62]
 la_data_in[63]
 la_data_in[64]
 la_data_in[65]
 la_data_in[66]
 la_data_in[67]
 la_data_in[68]
 la_data_in[69]
 la_data_in[6]
 la_data_in[70]
 la_data_in[71]
 la_data_in[72]
 la_data_in[73]
 la_data_in[74]
 la_data_in[75]
 la_data_in[76]
 la_data_in[77]
 la_data_in[78]
 la_data_in[79]
 la_data_in[7]
 la_data_in[80]
 la_data_in[81]
 la_data_in[82]
 la_data_in[83]
 la_data_in[84]
 la_data_in[85]
 la_data_in[86]
 la_data_in[87]
 la_data_in[88]
 la_data_in[89]
 la_data_in[8]
 la_data_in[90]
 la_data_in[91]
 la_data_in[92]
 la_data_in[93]
 la_data_in[94]
 la_data_in[95]
 la_data_in[96]
 la_data_in[97]
 la_data_in[98]
 la_data_in[99]
 la_data_in[9]
 la_oenb[0]
 la_oenb[100]
 la_oenb[101]
 la_oenb[102]
 la_oenb[103]
 la_oenb[104]
 la_oenb[105]
 la_oenb[106]
 la_oenb[107]
 la_oenb[108]
 la_oenb[109]
 la_oenb[10]
 la_oenb[110]
 la_oenb[111]
 la_oenb[112]
 la_oenb[113]
 la_oenb[114]
 la_oenb[115]
 la_oenb[116]
 la_oenb[117]
 la_oenb[118]
 la_oenb[119]
 la_oenb[11]
 la_oenb[120]
 la_oenb[121]
 la_oenb[122]
 la_oenb[123]
 la_oenb[124]
 la_oenb[125]
 la_oenb[126]
 la_oenb[127]
 la_oenb[12]
 la_oenb[13]
 la_oenb[14]
 la_oenb[15]
 la_oenb[16]
 la_oenb[17]
 la_oenb[18]
 la_oenb[19]
 la_oenb[1]
 la_oenb[20]
 la_oenb[21]
 la_oenb[22]
 la_oenb[23]
 la_oenb[24]
 la_oenb[25]
 la_oenb[26]
 la_oenb[27]
 la_oenb[28]
 la_oenb[29]
 la_oenb[2]
 la_oenb[30]
 la_oenb[31]
 la_oenb[32]
 la_oenb[33]
 la_oenb[34]
 la_oenb[35]
 la_oenb[36]
 la_oenb[37]
 la_oenb[38]
 la_oenb[39]
 la_oenb[3]
 la_oenb[40]
 la_oenb[41]
 la_oenb[42]
 la_oenb[43]
 la_oenb[44]
 la_oenb[45]
 la_oenb[46]
 la_oenb[47]
 la_oenb[48]
 la_oenb[49]
 la_oenb[4]
 la_oenb[50]
 la_oenb[51]
 la_oenb[52]
 la_oenb[53]
 la_oenb[54]
 la_oenb[55]
 la_oenb[56]
 la_oenb[57]
 la_oenb[58]
 la_oenb[59]
 la_oenb[5]
 la_oenb[60]
 la_oenb[61]
 la_oenb[62]
 la_oenb[63]
 la_oenb[64]
 la_oenb[65]
 la_oenb[66]
 la_oenb[67]
 la_oenb[68]
 la_oenb[69]
 la_oenb[6]
 la_oenb[70]
 la_oenb[71]
 la_oenb[72]
 la_oenb[73]
 la_oenb[74]
 la_oenb[75]
 la_oenb[76]
 la_oenb[77]
 la_oenb[78]
 la_oenb[79]
 la_oenb[7]
 la_oenb[80]
 la_oenb[81]
 la_oenb[82]
 la_oenb[83]
 la_oenb[84]
 la_oenb[85]
 la_oenb[86]
 la_oenb[87]
 la_oenb[88]
 la_oenb[89]
 la_oenb[8]
 la_oenb[90]
 la_oenb[91]
 la_oenb[92]
 la_oenb[93]
 la_oenb[94]
 la_oenb[95]
 la_oenb[96]
 la_oenb[97]
 la_oenb[98]
 la_oenb[99]
 la_oenb[9]
 user_clock2
 wbs_adr_i[20]
 wbs_adr_i[21]
 wbs_adr_i[22]
 wbs_adr_i[23]
 wbs_adr_i[24]
 wbs_adr_i[25]
 wbs_adr_i[26]
 wbs_adr_i[27]
 wbs_adr_i[28]
 wbs_adr_i[29]
 wbs_adr_i[30]
 wbs_adr_i[31]
 wbs_dat_i[16]
 wbs_dat_i[17]
 wbs_dat_i[18]
 wbs_dat_i[19]
 wbs_dat_i[20]
 wbs_dat_i[21]
 wbs_dat_i[22]
 wbs_dat_i[23]
 wbs_dat_i[24]
 wbs_dat_i[25]
 wbs_dat_i[26]
 wbs_dat_i[27]
 wbs_dat_i[28]
 wbs_dat_i[29]
 wbs_dat_i[30]
 wbs_dat_i[31]
 wbs_sel_i[0]
 wbs_sel_i[1]
 wbs_sel_i[2]
 wbs_sel_i[3]
 clkload0/X
 clkload1/Y
 clkload10/Y
 clkload100/Y
 clkload1000/X
 clkload1001/Y
 clkload1002/X
 clkload1003/X
 clkload1004/Y
 clkload1005/Y
 clkload1006/X
 clkload1007/X
 clkload1008/X
 clkload1009/Y
 clkload101/Y
 clkload1010/Y
 clkload1011/Y
 clkload1012/X
 clkload1013/Y
 clkload1014/Y
 clkload1015/Y
 clkload1016/Y
 clkload1017/Y
 clkload1018/Y
 clkload1019/Y
 clkload102/Y
 clkload1020/Y
 clkload1021/X
 clkload1022/X
 clkload1023/Y
 clkload1024/X
 clkload1025/X
 clkload1026/X
 clkload1027/X
 clkload1028/X
 clkload1029/Y
 clkload103/X
 clkload1030/X
 clkload1031/Y
 clkload1032/Y
 clkload1033/X
 clkload1034/Y
 clkload1035/X
 clkload1036/X
 clkload1037/X
 clkload1038/Y
 clkload1039/X
 clkload104/X
 clkload1040/X
 clkload1041/Y
 clkload1042/Y
 clkload1043/Y
 clkload1044/X
 clkload1045/Y
 clkload1046/X
 clkload1047/X
 clkload1048/Y
 clkload1049/Y
 clkload105/X
 clkload1050/X
 clkload1051/X
 clkload1052/X
 clkload1053/X
 clkload1054/Y
 clkload1055/X
 clkload1056/X
 clkload1057/X
 clkload1058/Y
 clkload1059/Y
 clkload106/Y
 clkload1060/X
 clkload1061/X
 clkload1062/Y
 clkload1063/Y
 clkload1064/Y
 clkload1065/Y
 clkload1066/X
 clkload1067/Y
 clkload1068/Y
 clkload1069/X
 clkload107/X
 clkload1070/X
 clkload1071/X
 clkload1072/X
 clkload1073/X
 clkload1074/X
 clkload1075/X
 clkload1076/Y
 clkload1077/X
 clkload1078/X
 clkload1079/Y
 clkload108/X
 clkload1080/X
 clkload1081/X
 clkload1082/Y
 clkload1083/Y
 clkload1084/X
 clkload1085/Y
 clkload1086/Y
 clkload1087/Y
 clkload1088/Y
 clkload1089/Y
 clkload109/X
 clkload1090/Y
 clkload1091/Y
 clkload1092/X
 clkload1093/X
 clkload1094/Y
 clkload1095/X
 clkload1096/X
 clkload1097/X
 clkload1098/X
 clkload1099/X
 clkload11/X
 clkload110/X
 clkload1100/Y
 clkload1101/X
 clkload1102/X
 clkload1103/Y
 clkload1104/X
 clkload1105/X
 clkload1106/Y
 clkload1107/Y
 clkload1108/X
 clkload1109/Y
 clkload111/X
 clkload1110/Y
 clkload1111/X
 clkload1112/X
 clkload1113/Y
 clkload1114/Y
 clkload1115/X
 clkload1116/Y
 clkload1117/X
 clkload1118/Y
 clkload1119/Y
 clkload112/X
 clkload1120/X
 clkload1121/X
 clkload1122/Y
 clkload1123/X
 clkload1124/X
 clkload1125/Y
 clkload1126/X
 clkload1127/X
 clkload1128/Y
 clkload1129/Y
 clkload113/X
 clkload1130/Y
 clkload1131/Y
 clkload1132/X
 clkload1133/X
 clkload1134/X
 clkload1135/Y
 clkload1136/X
 clkload1137/X
 clkload1138/X
 clkload1139/X
 clkload114/X
 clkload1140/X
 clkload1141/X
 clkload1142/X
 clkload1143/Y
 clkload1144/X
 clkload1145/X
 clkload1146/X
 clkload1147/Y
 clkload1148/Y
 clkload1149/Y
 clkload115/X
 clkload1150/Y
 clkload1151/Y
 clkload1152/Y
 clkload1153/X
 clkload1154/Y
 clkload1155/Y
 clkload1156/Y
 clkload1157/X
 clkload1158/Y
 clkload1159/Y
 clkload116/Y
 clkload1160/X
 clkload1161/X
 clkload1162/X
 clkload1163/X
 clkload1164/Y
 clkload1165/X
 clkload1166/X
 clkload1167/X
 clkload1168/X
 clkload1169/Y
 clkload117/X
 clkload1170/X
 clkload1171/Y
 clkload1172/X
 clkload1173/X
 clkload1174/X
 clkload1175/X
 clkload1176/Y
 clkload1177/X
 clkload1178/Y
 clkload1179/Y
 clkload118/Y
 clkload1180/X
 clkload1181/X
 clkload1182/Y
 clkload1183/Y
 clkload1184/Y
 clkload1185/X
 clkload1186/X
 clkload1187/Y
 clkload1188/X
 clkload1189/X
 clkload119/X
 clkload1190/Y
 clkload1191/X
 clkload1192/X
 clkload1193/X
 clkload1194/Y
 clkload1195/X
 clkload1196/Y
 clkload1197/Y
 clkload1198/X
 clkload1199/X
 clkload12/X
 clkload120/Y
 clkload1200/Y
 clkload1201/X
 clkload1202/Y
 clkload1203/Y
 clkload1204/X
 clkload1205/Y
 clkload1206/Y
 clkload1207/X
 clkload1208/X
 clkload1209/X
 clkload121/X
 clkload1210/X
 clkload1211/Y
 clkload1212/X
 clkload1213/Y
 clkload1214/X
 clkload1215/X
 clkload1216/Y
 clkload1217/X
 clkload1218/X
 clkload1219/X
 clkload122/Y
 clkload1220/Y
 clkload1221/X
 clkload1222/X
 clkload1223/Y
 clkload1224/X
 clkload1225/Y
 clkload1226/Y
 clkload1227/Y
 clkload1228/X
 clkload1229/X
 clkload123/Y
 clkload1230/Y
 clkload1231/Y
 clkload1232/Y
 clkload1233/Y
 clkload1234/X
 clkload1235/Y
 clkload1236/X
 clkload1237/X
 clkload1238/X
 clkload1239/X
 clkload124/Y
 clkload1240/X
 clkload1241/X
 clkload1242/X
 clkload1243/X
 clkload1244/Y
 clkload1245/X
 clkload1246/X
 clkload1247/X
 clkload1248/Y
 clkload1249/Y
 clkload125/X
 clkload1250/X
 clkload1251/Y
 clkload1252/X
 clkload1253/X
 clkload1254/Y
 clkload1255/X
 clkload1256/X
 clkload1257/X
 clkload1258/Y
 clkload1259/Y
 clkload126/X
 clkload1260/Y
 clkload1261/Y
 clkload1262/X
 clkload1263/Y
 clkload1264/X
 clkload1265/Y
 clkload1266/Y
 clkload1267/Y
 clkload1268/Y
 clkload1269/Y
 clkload127/Y
 clkload1270/Y
 clkload1271/X
 clkload1272/Y
 clkload1273/Y
 clkload1274/Y
 clkload1275/Y
 clkload1276/Y
 clkload1277/Y
 clkload1278/X
 clkload1279/X
 clkload128/Y
 clkload1280/Y
 clkload1281/X
 clkload1282/X
 clkload1283/Y
 clkload1284/Y
 clkload1285/X
 clkload1286/X
 clkload1287/Y
 clkload1288/X
 clkload1289/X
 clkload129/X
 clkload1290/X
 clkload1291/X
 clkload1292/X
 clkload1293/X
 clkload1294/Y
 clkload1295/Y
 clkload13/X
 clkload130/X
 clkload131/Y
 clkload132/Y
 clkload133/Y
 clkload134/X
 clkload135/X
 clkload136/Y
 clkload137/X
 clkload138/Y
 clkload139/Y
 clkload14/Y
 clkload140/Y
 clkload141/Y
 clkload142/Y
 clkload143/X
 clkload144/X
 clkload145/X
 clkload146/X
 clkload147/X
 clkload148/Y
 clkload149/Y
 clkload15/Y
 clkload150/Y
 clkload151/Y
 clkload152/Y
 clkload153/X
 clkload154/X
 clkload155/X
 clkload156/X
 clkload157/X
 clkload158/Y
 clkload159/Y
 clkload16/Y
 clkload160/X
 clkload161/Y
 clkload162/X
 clkload163/Y
 clkload164/Y
 clkload165/Y
 clkload166/Y
 clkload167/X
 clkload168/Y
 clkload169/X
 clkload17/Y
 clkload170/X
 clkload171/Y
 clkload172/X
 clkload173/Y
 clkload174/Y
 clkload175/Y
 clkload176/Y
 clkload177/Y
 clkload178/Y
 clkload179/X
 clkload18/Y
 clkload180/X
 clkload181/X
 clkload182/X
 clkload183/Y
 clkload184/Y
 clkload185/X
 clkload186/Y
 clkload187/X
 clkload188/X
 clkload189/Y
 clkload19/X
 clkload190/X
 clkload191/Y
 clkload192/X
 clkload193/X
 clkload194/X
 clkload195/Y
 clkload196/X
 clkload197/X
 clkload198/Y
 clkload199/Y
 clkload2/Y
 clkload20/Y
 clkload200/X
 clkload201/Y
 clkload202/X
 clkload203/X
 clkload204/Y
 clkload205/Y
 clkload206/Y
 clkload207/Y
 clkload208/Y
 clkload209/Y
 clkload21/X
 clkload210/X
 clkload211/X
 clkload212/X
 clkload213/Y
 clkload214/Y
 clkload215/Y
 clkload216/Y
 clkload217/X
 clkload218/X
 clkload219/X
 clkload22/Y
 clkload220/Y
 clkload221/X
 clkload222/Y
 clkload223/Y
 clkload224/Y
 clkload225/X
 clkload226/Y
 clkload227/Y
 clkload228/Y
 clkload229/Y
 clkload23/Y
 clkload230/Y
 clkload231/Y
 clkload232/X
 clkload233/Y
 clkload234/X
 clkload235/Y
 clkload236/Y
 clkload237/X
 clkload238/X
 clkload239/X
 clkload24/X
 clkload240/Y
 clkload241/Y
 clkload242/X
 clkload243/X
 clkload244/X
 clkload245/X
 clkload246/X
 clkload247/X
 clkload248/X
 clkload249/X
 clkload25/X
 clkload250/X
 clkload251/Y
 clkload252/X
 clkload253/Y
 clkload254/X
 clkload255/X
 clkload256/X
 clkload257/X
 clkload258/X
 clkload259/X
 clkload26/Y
 clkload260/X
 clkload261/X
 clkload262/X
 clkload263/X
 clkload264/X
 clkload265/Y
 clkload266/X
 clkload267/X
 clkload268/X
 clkload269/X
 clkload27/Y
 clkload270/X
 clkload271/Y
 clkload272/X
 clkload273/X
 clkload274/X
 clkload275/X
 clkload276/X
 clkload277/X
 clkload278/Y
 clkload279/X
 clkload28/Y
 clkload280/Y
 clkload281/X
 clkload282/Y
 clkload283/X
 clkload284/X
 clkload285/Y
 clkload286/X
 clkload287/X
 clkload288/Y
 clkload289/X
 clkload29/Y
 clkload290/Y
 clkload291/Y
 clkload292/Y
 clkload293/Y
 clkload294/X
 clkload295/Y
 clkload296/X
 clkload297/X
 clkload298/X
 clkload299/Y
 clkload3/Y
 clkload30/Y
 clkload300/X
 clkload301/X
 clkload302/X
 clkload303/X
 clkload304/Y
 clkload305/X
 clkload306/Y
 clkload307/Y
 clkload308/Y
 clkload309/X
 clkload31/Y
 clkload310/X
 clkload311/X
 clkload312/Y
 clkload313/Y
 clkload314/Y
 clkload315/Y
 clkload316/Y
 clkload317/X
 clkload318/X
 clkload319/X
 clkload32/Y
 clkload320/X
 clkload321/X
 clkload322/Y
 clkload323/Y
 clkload324/Y
 clkload325/Y
 clkload326/X
 clkload327/X
 clkload328/Y
 clkload329/X
 clkload33/Y
 clkload330/X
 clkload331/Y
 clkload332/Y
 clkload333/X
 clkload334/X
 clkload335/X
 clkload336/Y
 clkload337/Y
 clkload338/X
 clkload339/Y
 clkload34/Y
 clkload340/Y
 clkload341/Y
 clkload342/Y
 clkload343/Y
 clkload344/Y
 clkload345/Y
 clkload346/Y
 clkload347/Y
 clkload348/X
 clkload349/Y
 clkload35/X
 clkload350/X
 clkload351/Y
 clkload352/X
 clkload353/Y
 clkload354/Y
 clkload355/Y
 clkload356/Y
 clkload357/X
 clkload358/X
 clkload359/X
 clkload36/Y
 clkload360/Y
 clkload361/Y
 clkload362/Y
 clkload363/Y
 clkload364/Y
 clkload365/X
 clkload366/Y
 clkload367/Y
 clkload368/Y
 clkload369/Y
 clkload37/Y
 clkload370/Y
 clkload371/X
 clkload372/Y
 clkload373/X
 clkload374/Y
 clkload375/X
 clkload376/X
 clkload377/Y
 clkload378/X
 clkload379/X
 clkload38/Y
 clkload380/X
 clkload381/Y
 clkload382/Y
 clkload383/Y
 clkload384/X
 clkload385/Y
 clkload386/X
 clkload387/Y
 clkload388/X
 clkload389/X
 clkload39/Y
 clkload390/Y
 clkload391/Y
 clkload392/Y
 clkload393/Y
 clkload394/Y
 clkload395/Y
 clkload396/Y
 clkload397/Y
 clkload398/Y
 clkload399/Y
 clkload4/Y
 clkload40/Y
 clkload400/Y
 clkload401/X
 clkload402/X
 clkload403/Y
 clkload404/Y
 clkload405/Y
 clkload406/Y
 clkload407/X
 clkload408/Y
 clkload409/Y
 clkload41/Y
 clkload410/Y
 clkload411/Y
 clkload412/Y
 clkload413/X
 clkload414/X
 clkload415/Y
 clkload416/Y
 clkload417/Y
 clkload418/X
 clkload419/Y
 clkload42/Y
 clkload420/X
 clkload421/Y
 clkload422/X
 clkload423/X
 clkload424/X
 clkload425/Y
 clkload426/Y
 clkload427/Y
 clkload428/X
 clkload429/Y
 clkload43/Y
 clkload430/Y
 clkload431/Y
 clkload432/Y
 clkload433/X
 clkload434/X
 clkload435/Y
 clkload436/X
 clkload437/X
 clkload438/X
 clkload439/X
 clkload44/Y
 clkload440/Y
 clkload441/Y
 clkload442/X
 clkload443/X
 clkload444/Y
 clkload445/Y
 clkload446/Y
 clkload447/Y
 clkload448/Y
 clkload449/Y
 clkload45/Y
 clkload450/Y
 clkload451/Y
 clkload452/Y
 clkload453/Y
 clkload454/Y
 clkload455/Y
 clkload456/Y
 clkload457/Y
 clkload458/X
 clkload459/X
 clkload46/Y
 clkload460/X
 clkload461/Y
 clkload462/X
 clkload463/X
 clkload464/X
 clkload465/Y
 clkload466/Y
 clkload467/Y
 clkload468/X
 clkload469/X
 clkload47/Y
 clkload470/Y
 clkload471/Y
 clkload472/Y
 clkload473/Y
 clkload474/X
 clkload475/Y
 clkload476/Y
 clkload477/Y
 clkload478/X
 clkload479/X
 clkload48/Y
 clkload480/Y
 clkload481/X
 clkload482/X
 clkload483/Y
 clkload484/X
 clkload485/Y
 clkload486/X
 clkload487/X
 clkload488/Y
 clkload489/Y
 clkload49/Y
 clkload490/X
 clkload491/X
 clkload492/Y
 clkload493/Y
 clkload494/Y
 clkload495/Y
 clkload496/X
 clkload497/X
 clkload498/Y
 clkload499/Y
 clkload5/Y
 clkload50/Y
 clkload500/Y
 clkload501/X
 clkload502/X
 clkload503/Y
 clkload504/Y
 clkload505/Y
 clkload506/X
 clkload507/Y
 clkload508/X
 clkload509/Y
 clkload51/Y
 clkload510/X
 clkload511/Y
 clkload512/X
 clkload513/X
 clkload514/X
 clkload515/X
 clkload516/X
 clkload517/X
 clkload518/X
 clkload519/X
 clkload52/X
 clkload520/Y
 clkload521/Y
 clkload522/Y
 clkload523/X
 clkload524/X
 clkload525/X
 clkload526/Y
 clkload527/X
 clkload528/X
 clkload529/Y
 clkload53/X
 clkload530/X
 clkload531/Y
 clkload532/X
 clkload533/Y
 clkload534/X
 clkload535/Y
 clkload536/X
 clkload537/X
 clkload538/X
 clkload539/X
 clkload54/Y
 clkload540/Y
 clkload541/X
 clkload542/X
 clkload543/Y
 clkload544/Y
 clkload545/Y
 clkload546/Y
 clkload547/Y
 clkload548/Y
 clkload549/X
 clkload55/Y
 clkload550/Y
 clkload551/Y
 clkload552/Y
 clkload553/Y
 clkload554/Y
 clkload555/Y
 clkload556/Y
 clkload557/Y
 clkload558/Y
 clkload559/Y
 clkload56/Y
 clkload560/Y
 clkload561/Y
 clkload562/Y
 clkload563/X
 clkload564/X
 clkload565/X
 clkload566/Y
 clkload567/Y
 clkload568/X
 clkload569/X
 clkload57/Y
 clkload570/X
 clkload571/X
 clkload572/Y
 clkload573/Y
 clkload574/Y
 clkload575/X
 clkload576/X
 clkload577/X
 clkload578/X
 clkload579/X
 clkload58/Y
 clkload580/X
 clkload581/X
 clkload582/X
 clkload583/X
 clkload584/X
 clkload585/Y
 clkload586/Y
 clkload587/X
 clkload588/X
 clkload589/X
 clkload59/X
 clkload590/X
 clkload591/X
 clkload592/X
 clkload593/X
 clkload594/X
 clkload595/X
 clkload596/Y
 clkload597/X
 clkload598/Y
 clkload599/Y
 clkload6/Y
 clkload60/Y
 clkload600/X
 clkload601/Y
 clkload602/Y
 clkload603/X
 clkload604/X
 clkload605/X
 clkload606/Y
 clkload607/X
 clkload608/X
 clkload609/Y
 clkload61/Y
 clkload610/Y
 clkload611/X
 clkload612/Y
 clkload613/X
 clkload614/X
 clkload615/X
 clkload616/X
 clkload617/X
 clkload618/X
 clkload619/X
 clkload62/X
 clkload620/Y
 clkload621/X
 clkload622/Y
 clkload623/X
 clkload624/X
 clkload625/Y
 clkload626/X
 clkload627/Y
 clkload628/Y
 clkload629/Y
 clkload63/Y
 clkload630/Y
 clkload631/X
 clkload632/Y
 clkload633/Y
 clkload634/Y
 clkload635/Y
 clkload636/Y
 clkload637/Y
 clkload638/Y
 clkload639/Y
 clkload64/X
 clkload640/Y
 clkload641/X
 clkload642/Y
 clkload643/Y
 clkload644/Y
 clkload645/X
 clkload646/Y
 clkload647/Y
 clkload648/Y
 clkload649/Y
 clkload65/Y
 clkload650/Y
 clkload651/Y
 clkload652/Y
 clkload653/Y
 clkload654/X
 clkload655/Y
 clkload656/Y
 clkload657/X
 clkload658/X
 clkload659/X
 clkload66/X
 clkload660/X
 clkload661/X
 clkload662/X
 clkload663/X
 clkload664/X
 clkload665/Y
 clkload666/X
 clkload667/Y
 clkload668/Y
 clkload669/X
 clkload67/Y
 clkload670/X
 clkload671/X
 clkload672/X
 clkload673/X
 clkload674/Y
 clkload675/X
 clkload676/X
 clkload677/Y
 clkload678/X
 clkload679/Y
 clkload68/Y
 clkload680/X
 clkload681/X
 clkload682/Y
 clkload683/X
 clkload684/X
 clkload685/X
 clkload686/X
 clkload687/X
 clkload688/X
 clkload689/Y
 clkload69/Y
 clkload690/Y
 clkload691/X
 clkload692/X
 clkload693/X
 clkload694/Y
 clkload695/X
 clkload696/Y
 clkload697/Y
 clkload698/Y
 clkload699/Y
 clkload7/Y
 clkload70/Y
 clkload700/Y
 clkload701/Y
 clkload702/Y
 clkload703/Y
 clkload704/Y
 clkload705/Y
 clkload706/X
 clkload707/Y
 clkload708/Y
 clkload709/Y
 clkload71/Y
 clkload710/X
 clkload711/Y
 clkload712/Y
 clkload713/X
 clkload714/Y
 clkload715/Y
 clkload716/X
 clkload717/X
 clkload718/X
 clkload719/Y
 clkload72/X
 clkload720/X
 clkload721/Y
 clkload722/X
 clkload723/Y
 clkload724/Y
 clkload725/Y
 clkload726/Y
 clkload727/Y
 clkload728/Y
 clkload729/Y
 clkload73/Y
 clkload730/Y
 clkload731/Y
 clkload732/Y
 clkload733/Y
 clkload734/Y
 clkload735/Y
 clkload736/X
 clkload737/Y
 clkload738/Y
 clkload739/X
 clkload74/Y
 clkload740/Y
 clkload741/X
 clkload742/Y
 clkload743/Y
 clkload744/Y
 clkload745/Y
 clkload746/Y
 clkload747/Y
 clkload748/Y
 clkload749/Y
 clkload75/Y
 clkload750/Y
 clkload751/Y
 clkload752/Y
 clkload753/Y
 clkload754/Y
 clkload755/Y
 clkload756/Y
 clkload757/Y
 clkload758/X
 clkload759/Y
 clkload76/Y
 clkload760/Y
 clkload761/Y
 clkload762/Y
 clkload763/Y
 clkload764/Y
 clkload765/Y
 clkload766/Y
 clkload767/X
 clkload768/Y
 clkload769/Y
 clkload77/Y
 clkload770/Y
 clkload771/X
 clkload772/Y
 clkload773/X
 clkload774/X
 clkload775/Y
 clkload776/X
 clkload777/X
 clkload778/X
 clkload779/X
 clkload78/Y
 clkload780/X
 clkload781/X
 clkload782/Y
 clkload783/X
 clkload784/X
 clkload785/Y
 clkload786/X
 clkload787/Y
 clkload788/Y
 clkload789/Y
 clkload79/X
 clkload790/Y
 clkload791/X
 clkload792/Y
 clkload793/Y
 clkload794/X
 clkload795/Y
 clkload796/Y
 clkload797/Y
 clkload798/Y
 clkload799/Y
 clkload8/X
 clkload80/Y
 clkload800/Y
 clkload801/X
 clkload802/Y
 clkload803/Y
 clkload804/Y
 clkload805/Y
 clkload806/Y
 clkload807/X
 clkload808/X
 clkload809/X
 clkload81/Y
 clkload810/X
 clkload811/Y
 clkload812/X
 clkload813/X
 clkload814/X
 clkload815/X
 clkload816/X
 clkload817/X
 clkload818/X
 clkload819/X
 clkload82/Y
 clkload820/X
 clkload821/X
 clkload822/Y
 clkload823/X
 clkload824/Y
 clkload825/X
 clkload826/Y
 clkload827/X
 clkload828/Y
 clkload829/Y
 clkload83/Y
 clkload830/X
 clkload831/Y
 clkload832/Y
 clkload833/X
 clkload834/X
 clkload835/X
 clkload836/X
 clkload837/Y
 clkload838/Y
 clkload839/Y
 clkload84/Y
 clkload840/X
 clkload841/Y
 clkload842/Y
 clkload843/Y
 clkload844/X
 clkload845/Y
 clkload846/X
 clkload847/X
 clkload848/X
 clkload849/X
 clkload85/Y
 clkload850/X
 clkload851/X
 clkload852/X
 clkload853/X
 clkload854/Y
 clkload855/X
 clkload856/Y
 clkload857/Y
 clkload858/Y
 clkload859/X
 clkload86/Y
 clkload860/Y
 clkload861/Y
 clkload862/X
 clkload863/Y
 clkload864/Y
 clkload865/Y
 clkload866/X
 clkload867/X
 clkload868/X
 clkload869/X
 clkload87/Y
 clkload870/X
 clkload871/X
 clkload872/X
 clkload873/X
 clkload874/X
 clkload875/X
 clkload876/X
 clkload877/Y
 clkload878/X
 clkload879/Y
 clkload88/X
 clkload880/Y
 clkload881/Y
 clkload882/Y
 clkload883/Y
 clkload884/Y
 clkload885/Y
 clkload886/Y
 clkload887/X
 clkload888/X
 clkload889/Y
 clkload89/Y
 clkload890/Y
 clkload891/Y
 clkload892/X
 clkload893/Y
 clkload894/Y
 clkload895/X
 clkload896/X
 clkload897/X
 clkload898/Y
 clkload899/X
 clkload9/Y
 clkload90/Y
 clkload900/X
 clkload901/X
 clkload902/X
 clkload903/X
 clkload904/X
 clkload905/Y
 clkload906/X
 clkload907/X
 clkload908/Y
 clkload909/Y
 clkload91/Y
 clkload910/X
 clkload911/X
 clkload912/Y
 clkload913/X
 clkload914/X
 clkload915/Y
 clkload916/X
 clkload917/Y
 clkload918/X
 clkload919/X
 clkload92/X
 clkload920/X
 clkload921/X
 clkload922/Y
 clkload923/X
 clkload924/Y
 clkload925/Y
 clkload926/Y
 clkload927/Y
 clkload928/Y
 clkload929/X
 clkload93/Y
 clkload930/Y
 clkload931/Y
 clkload932/Y
 clkload933/X
 clkload934/X
 clkload935/X
 clkload936/Y
 clkload937/X
 clkload938/Y
 clkload939/Y
 clkload94/Y
 clkload940/Y
 clkload941/Y
 clkload942/X
 clkload943/X
 clkload944/X
 clkload945/X
 clkload946/X
 clkload947/X
 clkload948/X
 clkload949/X
 clkload95/Y
 clkload950/X
 clkload951/X
 clkload952/X
 clkload953/Y
 clkload954/X
 clkload955/X
 clkload956/Y
 clkload957/X
 clkload958/X
 clkload959/Y
 clkload96/Y
 clkload960/X
 clkload961/X
 clkload962/Y
 clkload963/X
 clkload964/X
 clkload965/X
 clkload966/X
 clkload967/X
 clkload968/X
 clkload969/X
 clkload97/X
 clkload970/Y
 clkload971/X
 clkload972/X
 clkload973/X
 clkload974/Y
 clkload975/X
 clkload976/X
 clkload977/X
 clkload978/Y
 clkload979/X
 clkload98/X
 clkload980/Y
 clkload981/Y
 clkload982/X
 clkload983/X
 clkload984/X
 clkload985/X
 clkload986/X
 clkload987/Y
 clkload988/X
 clkload989/X
 clkload99/Y
 clkload990/X
 clkload991/Y
 clkload992/X
 clkload993/X
 clkload994/Y
 clkload995/Y
 clkload996/X
 clkload997/X
 clkload998/X
 clkload999/Y
 user_project_wrapper_1979/HI
 user_project_wrapper_1980/HI
 user_project_wrapper_1981/HI
 user_project_wrapper_1982/HI
 user_project_wrapper_1983/HI
 user_project_wrapper_1984/HI
 user_project_wrapper_1985/HI
 user_project_wrapper_1986/HI
 user_project_wrapper_1987/HI
 user_project_wrapper_1988/HI
 user_project_wrapper_1989/HI
 user_project_wrapper_1990/HI
 user_project_wrapper_1991/HI
 user_project_wrapper_1992/HI
 user_project_wrapper_1993/HI
 user_project_wrapper_1994/HI
 user_project_wrapper_1995/HI
 user_project_wrapper_1996/HI
 user_project_wrapper_1997/HI
 user_project_wrapper_1998/HI
 user_project_wrapper_1999/HI
 user_project_wrapper_2000/HI
 user_project_wrapper_2001/HI
 user_project_wrapper_2002/HI
 user_project_wrapper_2003/HI
 user_project_wrapper_2004/HI
 user_project_wrapper_2005/HI
 user_project_wrapper_2006/HI
 user_project_wrapper_2007/HI
 user_project_wrapper_2008/HI
 user_project_wrapper_2009/HI
 user_project_wrapper_2010/HI
 user_project_wrapper_2011/HI
 user_project_wrapper_2012/HI
 user_project_wrapper_2013/HI
 user_project_wrapper_2014/HI
 user_project_wrapper_2015/HI
 user_project_wrapper_2016/HI
 user_project_wrapper_2017/HI
 user_project_wrapper_2018/HI
 user_project_wrapper_2019/HI
 user_project_wrapper_2020/HI
 user_project_wrapper_2021/HI
 user_project_wrapper_2022/HI
 user_project_wrapper_2023/HI
 user_project_wrapper_2024/HI
 user_project_wrapper_2025/HI
 user_project_wrapper_2026/HI
 user_project_wrapper_2027/HI
 user_project_wrapper_2028/HI
 user_project_wrapper_2029/HI
 user_project_wrapper_2030/HI
 user_project_wrapper_2031/HI
 user_project_wrapper_2032/HI
 user_project_wrapper_2033/HI
 user_project_wrapper_2034/HI
 user_project_wrapper_2035/HI
 user_project_wrapper_2036/HI
 user_project_wrapper_2037/HI
 user_project_wrapper_2038/HI
 user_project_wrapper_2039/HI
 user_project_wrapper_2040/HI
 user_project_wrapper_2041/HI
 user_project_wrapper_2042/HI
 user_project_wrapper_2043/HI
 user_project_wrapper_2044/HI
 user_project_wrapper_2045/HI
 user_project_wrapper_2046/HI
 user_project_wrapper_2047/HI
 user_project_wrapper_2048/HI
 user_project_wrapper_2049/HI
 user_project_wrapper_2050/HI
 user_project_wrapper_2051/HI
 user_project_wrapper_2052/HI
 user_project_wrapper_2053/HI
 user_project_wrapper_2054/HI
 user_project_wrapper_2055/HI
 user_project_wrapper_2056/HI
 user_project_wrapper_2057/HI
 user_project_wrapper_2058/HI
 user_project_wrapper_2059/HI
 user_project_wrapper_2060/HI
 user_project_wrapper_2061/HI
 user_project_wrapper_2062/HI
 user_project_wrapper_2063/HI
 user_project_wrapper_2064/HI
 user_project_wrapper_2065/HI
 user_project_wrapper_2066/HI
 user_project_wrapper_2067/HI
 user_project_wrapper_2068/HI
 user_project_wrapper_2069/HI
 user_project_wrapper_2070/HI
 user_project_wrapper_2071/HI
 user_project_wrapper_2072/HI
 user_project_wrapper_2073/HI
 user_project_wrapper_2074/HI
 user_project_wrapper_2075/HI
 user_project_wrapper_2076/HI
 user_project_wrapper_2077/HI
 user_project_wrapper_2078/HI
 user_project_wrapper_2079/HI
 user_project_wrapper_2080/HI
 user_project_wrapper_2081/HI
 user_project_wrapper_2082/HI
 user_project_wrapper_2083/HI
 user_project_wrapper_2084/HI
 user_project_wrapper_2085/HI
 user_project_wrapper_2086/HI
 user_project_wrapper_2087/HI
 user_project_wrapper_2088/HI
 user_project_wrapper_2089/HI
 user_project_wrapper_2090/HI
 user_project_wrapper_2091/HI
 user_project_wrapper_2092/HI
 user_project_wrapper_2093/HI
 user_project_wrapper_2094/HI
 user_project_wrapper_2095/HI
 user_project_wrapper_2096/HI
 user_project_wrapper_2097/HI
 user_project_wrapper_2098/HI
 user_project_wrapper_2099/HI
 user_project_wrapper_2100/HI
 user_project_wrapper_2101/HI
 user_project_wrapper_2102/HI
 user_project_wrapper_2103/HI
 user_project_wrapper_2104/HI
 user_project_wrapper_2105/HI
 user_project_wrapper_2106/HI
 user_project_wrapper_2107/HI
 user_project_wrapper_2108/HI
 user_project_wrapper_2109/HI
 user_project_wrapper_2110/HI
 user_project_wrapper_2111/HI
 user_project_wrapper_2112/HI
 user_project_wrapper_2113/HI
 user_project_wrapper_2114/HI
 user_project_wrapper_2115/HI
 user_project_wrapper_2116/HI
 user_project_wrapper_2117/HI
 user_project_wrapper_2118/HI
 user_project_wrapper_2119/HI
 user_project_wrapper_2120/HI
 user_project_wrapper_2121/HI
 user_project_wrapper_2122/HI
 user_project_wrapper_2123/HI
 user_project_wrapper_2124/HI
 user_project_wrapper_2125/HI
 user_project_wrapper_2126/HI
 user_project_wrapper_2127/HI
 user_project_wrapper_2128/HI
 user_project_wrapper_2129/HI
 user_project_wrapper_2130/HI
 user_project_wrapper_2131/HI
 user_project_wrapper_2132/HI
 user_project_wrapper_2133/HI
 user_project_wrapper_2134/HI
 user_project_wrapper_2135/HI
 user_project_wrapper_2136/HI
 user_project_wrapper_2137/HI
 user_project_wrapper_2138/HI
 user_project_wrapper_2139/HI
 user_project_wrapper_2140/HI
 user_project_wrapper_2141/HI
 user_project_wrapper_2142/HI
 user_project_wrapper_2143/LO
 user_project_wrapper_2144/LO
 user_project_wrapper_2145/LO
 user_project_wrapper_2146/LO
 user_project_wrapper_2147/LO
 user_project_wrapper_2148/LO
 user_project_wrapper_2149/LO
 user_project_wrapper_2150/LO
 user_project_wrapper_2151/LO
 user_project_wrapper_2152/LO
 user_project_wrapper_2153/LO
 user_project_wrapper_2154/LO
 user_project_wrapper_2155/LO
 user_project_wrapper_2156/LO
Found 0 partially unannotated drivers.

===========================================================================
max slew violation count 0
max fanout violation count 294
max cap violation count 0
============================================================================

===========================================================================
check_setup -verbose -unconstrained_endpoints -multiple_clock -no_clock -no_input_delay -loops -generated_clocks
===========================================================================
Warning: There are 68 input ports missing set_input_delay.
  analog_io[0]
  analog_io[10]
  analog_io[11]
  analog_io[12]
  analog_io[13]
  analog_io[14]
  analog_io[15]
  analog_io[16]
  analog_io[17]
  analog_io[18]
  analog_io[19]
  analog_io[1]
  analog_io[20]
  analog_io[21]
  analog_io[22]
  analog_io[23]
  analog_io[24]
  analog_io[25]
  analog_io[26]
  analog_io[27]
  analog_io[28]
  analog_io[2]
  analog_io[3]
  analog_io[4]
  analog_io[5]
  analog_io[6]
  analog_io[7]
  analog_io[8]
  analog_io[9]
  io_in[0]
  io_in[10]
  io_in[11]
  io_in[12]
  io_in[13]
  io_in[14]
  io_in[15]
  io_in[16]
  io_in[17]
  io_in[18]
  io_in[19]
  io_in[1]
  io_in[20]
  io_in[21]
  io_in[22]
  io_in[23]
  io_in[24]
  io_in[25]
  io_in[26]
  io_in[27]
  io_in[28]
  io_in[29]
  io_in[2]
  io_in[30]
  io_in[31]
  io_in[32]
  io_in[33]
  io_in[34]
  io_in[35]
  io_in[36]
  io_in[37]
  io_in[3]
  io_in[4]
  io_in[5]
  io_in[6]
  io_in[7]
  io_in[8]
  io_in[9]
  user_clock2
Warning: There are 243 unconstrained endpoints.
  analog_io[0]
  analog_io[10]
  analog_io[11]
  analog_io[12]
  analog_io[13]
  analog_io[14]
  analog_io[15]
  analog_io[16]
  analog_io[17]
  analog_io[18]
  analog_io[19]
  analog_io[1]
  analog_io[20]
  analog_io[21]
  analog_io[22]
  analog_io[23]
  analog_io[24]
  analog_io[25]
  analog_io[26]
  analog_io[27]
  analog_io[28]
  analog_io[2]
  analog_io[3]
  analog_io[4]
  analog_io[5]
  analog_io[6]
  analog_io[7]
  analog_io[8]
  analog_io[9]
  io_oeb[0]
  io_oeb[10]
  io_oeb[11]
  io_oeb[12]
  io_oeb[13]
  io_oeb[14]
  io_oeb[15]
  io_oeb[16]
  io_oeb[17]
  io_oeb[18]
  io_oeb[19]
  io_oeb[1]
  io_oeb[20]
  io_oeb[21]
  io_oeb[22]
  io_oeb[23]
  io_oeb[24]
  io_oeb[25]
  io_oeb[26]
  io_oeb[27]
  io_oeb[28]
  io_oeb[29]
  io_oeb[2]
  io_oeb[30]
  io_oeb[31]
  io_oeb[32]
  io_oeb[33]
  io_oeb[34]
  io_oeb[35]
  io_oeb[36]
  io_oeb[37]
  io_oeb[3]
  io_oeb[4]
  io_oeb[5]
  io_oeb[6]
  io_oeb[7]
  io_oeb[8]
  io_oeb[9]
  io_out[0]
  io_out[10]
  io_out[11]
  io_out[12]
  io_out[13]
  io_out[14]
  io_out[15]
  io_out[16]
  io_out[17]
  io_out[18]
  io_out[19]
  io_out[1]
  io_out[20]
  io_out[21]
  io_out[22]
  io_out[23]
  io_out[24]
  io_out[25]
  io_out[26]
  io_out[27]
  io_out[28]
  io_out[29]
  io_out[2]
  io_out[30]
  io_out[31]
  io_out[32]
  io_out[33]
  io_out[34]
  io_out[35]
  io_out[36]
  io_out[37]
  io_out[3]
  io_out[4]
  io_out[5]
  io_out[6]
  io_out[7]
  io_out[8]
  io_out[9]
  la_data_out[100]
  la_data_out[101]
  la_data_out[102]
  la_data_out[103]
  la_data_out[104]
  la_data_out[105]
  la_data_out[106]
  la_data_out[107]
  la_data_out[108]
  la_data_out[109]
  la_data_out[10]
  la_data_out[110]
  la_data_out[111]
  la_data_out[112]
  la_data_out[113]
  la_data_out[114]
  la_data_out[115]
  la_data_out[116]
  la_data_out[117]
  la_data_out[118]
  la_data_out[119]
  la_data_out[11]
  la_data_out[120]
  la_data_out[121]
  la_data_out[122]
  la_data_out[123]
  la_data_out[124]
  la_data_out[125]
  la_data_out[126]
  la_data_out[127]
  la_data_out[12]
  la_data_out[13]
  la_data_out[14]
  la_data_out[15]
  la_data_out[16]
  la_data_out[17]
  la_data_out[18]
  la_data_out[19]
  la_data_out[20]
  la_data_out[21]
  la_data_out[22]
  la_data_out[23]
  la_data_out[24]
  la_data_out[25]
  la_data_out[26]
  la_data_out[27]
  la_data_out[28]
  la_data_out[29]
  la_data_out[30]
  la_data_out[31]
  la_data_out[32]
  la_data_out[33]
  la_data_out[34]
  la_data_out[35]
  la_data_out[36]
  la_data_out[37]
  la_data_out[38]
  la_data_out[39]
  la_data_out[40]
  la_data_out[41]
  la_data_out[42]
  la_data_out[43]
  la_data_out[44]
  la_data_out[45]
  la_data_out[46]
  la_data_out[47]
  la_data_out[48]
  la_data_out[49]
  la_data_out[50]
  la_data_out[51]
  la_data_out[52]
  la_data_out[53]
  la_data_out[54]
  la_data_out[55]
  la_data_out[56]
  la_data_out[57]
  la_data_out[58]
  la_data_out[59]
  la_data_out[60]
  la_data_out[61]
  la_data_out[62]
  la_data_out[63]
  la_data_out[64]
  la_data_out[65]
  la_data_out[66]
  la_data_out[67]
  la_data_out[68]
  la_data_out[69]
  la_data_out[70]
  la_data_out[71]
  la_data_out[72]
  la_data_out[73]
  la_data_out[74]
  la_data_out[75]
  la_data_out[76]
  la_data_out[77]
  la_data_out[78]
  la_data_out[79]
  la_data_out[80]
  la_data_out[81]
  la_data_out[82]
  la_data_out[83]
  la_data_out[84]
  la_data_out[85]
  la_data_out[86]
  la_data_out[87]
  la_data_out[88]
  la_data_out[89]
  la_data_out[8]
  la_data_out[90]
  la_data_out[91]
  la_data_out[92]
  la_data_out[93]
  la_data_out[94]
  la_data_out[95]
  la_data_out[96]
  la_data_out[97]
  la_data_out[98]
  la_data_out[99]
  la_data_out[9]
  wbs_dat_o[17]
  wbs_dat_o[20]
  wbs_dat_o[22]
  wbs_dat_o[24]
  wbs_dat_o[29]
  _36318_/D
  _36419_/D
  _36539_/D
  _36773_/D
  _36907_/D
  _37295_/D
  _37668_/D
  _38185_/D
  _38495_/D
  _38838_/D
  _39440_/D
  _40008_/D
  _40526_/D
