Clock: clk
Sources: wb_clk_i 
Generated: no
Virtual: yes
Propagated: no
Period: 25.000000

===========================================================================
report_clock_properties
============================================================================
Clock                   Period          Waveform
----------------------------------------------------
clk                  25.000000    0.000000 12.500000

===========================================================================
report_clock_latency
============================================================================
Clock clk
rise -> rise
    min     max
4.650000 5.570000 source latency
5.497543         network latency _35073_/CLK
        6.602317 network latency _37252_/CLK
---------------
10.147544 12.172317 latency
        2.024773 skew

fall -> fall
    min     max
4.650000 5.570000 source latency
5.642820         network latency _35073_/CLK
        6.731293 network latency _37252_/CLK
---------------
10.292819 12.301292 latency
        2.008473 skew



===========================================================================
report_clock_min_period
============================================================================
clk period_min = 3.24 fmax = 308.42
