
===========================================================================
 report_power
============================================================================
======================= min_tt_025C_1v80 Corner ===================================

Group                    Internal    Switching      Leakage        Total
                            Power        Power        Power        Power (Watts)
------------------------------------------------------------------------
Sequential           9.463832e-03 2.745457e-06 5.844088e-08 9.466636e-03  39.8%
Combinational        1.854903e-04 4.631203e-04 1.270367e-07 6.487377e-04   2.7%
Clock                9.046614e-03 4.633477e-03 5.367843e-07 1.368063e-02  57.5%
Macro                0.000000e+00 0.000000e+00 0.000000e+00 0.000000e+00   0.0%
Pad                  0.000000e+00 0.000000e+00 0.000000e+00 0.000000e+00   0.0%
------------------------------------------------------------------------
Total                1.869597e-02 5.099347e-03 7.224920e-07 2.379604e-02 100.0%
                            78.6%        21.4%         0.0%

