┏━━━━━━━┳━━━━━━━━━┳━━━━━━━━━━┳━━━━━━━━━━━━━━━━━━━━━━━━━━━━━━━━━━━━━━━━━━━━━━━━━━━━━━━━━━━━━━━━━━━━┳━━━━━━━━━━━━━━┳━━━━━━━┓
┃ P / R ┃ Partial ┃ Required ┃ Net                                                                ┃ Pin          ┃ Layer ┃
┡━━━━━━━╇━━━━━━━━━╇━━━━━━━━━━╇━━━━━━━━━━━━━━━━━━━━━━━━━━━━━━━━━━━━━━━━━━━━━━━━━━━━━━━━━━━━━━━━━━━━╇━━━━━━━━━━━━━━╇━━━━━━━┩
│ 3.39  │ 1354.89 │ 400.00   │ net87                                                              │ output87/A   │ met1  │
│ 3.31  │ 1324.85 │ 400.00   │ net322                                                             │ _29893_/C1   │ met3  │
│ 3.31  │ 1324.85 │ 400.00   │ net322                                                             │ _29955_/C1   │ met3  │
│ 3.27  │ 1307.63 │ 400.00   │ net510                                                             │ _27333_/A    │ met1  │
│ 3.18  │ 1273.56 │ 400.00   │ u_user_peripherals.u_multi_uart.uart2.ack_o                        │ _32294_/C    │ met2  │
│ 3.05  │ 1219.42 │ 400.00   │ u_user_peripherals.u_multi_uart.uart3.instance_to_wrap.loopback_en │ _24781_/A1   │ met1  │
│ 2.62  │ 1046.86 │ 400.00   │ _11089_                                                            │ _25192_/D_N  │ met1  │
│ 2.52  │ 1008.42 │ 400.00   │ net74                                                              │ output74/A   │ met1  │
│ 2.50  │ 999.95  │ 400.00   │ u_user_peripherals.u_multi_spi.spi1.csb                            │ _30119_/A    │ met1  │
│ 2.44  │ 977.72  │ 400.00   │ u_user_peripherals.u_multi_uart.uart3.CFG_REG[2\]                  │ _24927_/A1   │ met1  │
│ 2.27  │ 908.17  │ 400.00   │ net262                                                             │ _34519_/A0   │ met1  │
│ 2.14  │ 855.72  │ 400.00   │ net185                                                             │ _33193_/A0   │ met1  │
│ 2.10  │ 838.19  │ 400.00   │ net565                                                             │ _31733_/B    │ met2  │
│ 2.06  │ 822.72  │ 400.00   │ net726                                                             │ _32081_/A    │ met1  │
│ 2.04  │ 817.11  │ 400.00   │ net2231                                                            │ _26906_/A0   │ met1  │
│ 1.96  │ 783.28  │ 400.00   │ net435                                                             │ _31608_/B    │ met1  │
│ 1.91  │ 765.28  │ 400.00   │ _11205_                                                            │ _25360_/B    │ met1  │
│ 1.91  │ 764.50  │ 400.00   │ net1528                                                            │ _32515_/A0   │ met1  │
│ 1.87  │ 749.59  │ 400.00   │ _12437_                                                            │ _27057_/A0   │ met1  │
│ 1.81  │ 725.69  │ 400.00   │ net430                                                             │ _29898_/B1   │ met3  │
│ 1.79  │ 714.78  │ 400.00   │ net177                                                             │ _33482_/A0   │ met1  │
│ 1.71  │ 685.71  │ 400.00   │ u_user_peripherals.u_multi_spi.spi3.instance_to_wrap.f_datao[2\]   │ fanout1196/A │ met1  │
│ 1.70  │ 678.39  │ 400.00   │ net1450                                                            │ _32376_/A0   │ met1  │
│ 1.68  │ 673.94  │ 400.00   │ net1526                                                            │ _32374_/A0   │ met1  │
│ 1.68  │ 672.62  │ 400.00   │ net1956                                                            │ fanout1937/A │ met1  │
│ 1.68  │ 672.53  │ 400.00   │ u_user_peripherals.u_multi_uart.uart3.PR_REG[15\]                  │ _25419_/A1   │ met1  │
│ 1.67  │ 668.33  │ 400.00   │ net294                                                             │ _33808_/A0   │ met1  │
│ 1.50  │ 599.89  │ 400.00   │ net1257                                                            │ _32599_/A0   │ met1  │
│ 1.50  │ 599.33  │ 400.00   │ net33                                                              │ hold100/A    │ met1  │
│ 1.47  │ 586.56  │ 400.00   │ net1227                                                            │ _18280_/A0   │ met1  │
│ 1.47  │ 586.47  │ 400.00   │ net1229                                                            │ _18288_/A0   │ met1  │
│ 1.46  │ 584.77  │ 400.00   │ net59                                                              │ output59/A   │ met1  │
│ 1.46  │ 583.72  │ 400.00   │ u_user_peripherals.u_multi_uart.uart3.MATCH_REG[8\]                │ _24931_/A1   │ met1  │
│ 1.44  │ 575.72  │ 400.00   │ _09287_                                                            │ _23819_/A1   │ met1  │
│ 1.44  │ 575.50  │ 400.00   │ net214                                                             │ _18978_/A0   │ met1  │
│ 1.44  │ 574.19  │ 400.00   │ _10389_                                                            │ _25205_/A1   │ met1  │
│ 1.42  │ 569.17  │ 400.00   │ net313                                                             │ _17642_/A0   │ met1  │
│ 1.41  │ 563.72  │ 400.00   │ net1493                                                            │ _17598_/A1   │ met1  │
│ 1.40  │ 559.39  │ 400.00   │ net1835                                                            │ fanout1834/A │ met1  │
│ 1.39  │ 557.03  │ 400.00   │ net270                                                             │ _18425_/A1   │ met1  │
│ 1.38  │ 551.83  │ 400.00   │ net1411                                                            │ _33913_/A0   │ met1  │
│ 1.38  │ 550.11  │ 400.00   │ net1223                                                            │ _17515_/A0   │ met1  │
│ 1.37  │ 548.64  │ 400.00   │ _14371_                                                            │ _30152_/B    │ met1  │
│ 1.33  │ 533.39  │ 400.00   │ net449                                                             │ _29761_/C    │ met1  │
│ 1.33  │ 532.89  │ 400.00   │ net306                                                             │ _17894_/A0   │ met1  │
│ 1.33  │ 532.64  │ 400.00   │ _15246_                                                            │ _30739_/B1   │ met1  │
│ 1.33  │ 530.20  │ 400.00   │ net2242                                                            │ fanout572/A  │ met1  │
│ 1.32  │ 528.33  │ 400.00   │ net1414                                                            │ _17981_/A1   │ met1  │
│ 1.27  │ 509.89  │ 400.00   │ net1616                                                            │ _17412_/A1   │ met1  │
│ 1.27  │ 509.22  │ 400.00   │ net175                                                             │ _32959_/A0   │ met1  │
│ 1.27  │ 506.43  │ 400.00   │ net534                                                             │ _30497_/A2   │ met1  │
│ 1.27  │ 506.09  │ 400.00   │ _11544_                                                            │ _25822_/C    │ met1  │
│ 1.24  │ 494.26  │ 400.00   │ _11499_                                                            │ _25745_/A0   │ met1  │
│ 1.23  │ 491.83  │ 400.00   │ net1509                                                            │ _33588_/A1   │ met1  │
│ 1.23  │ 490.17  │ 400.00   │ net1193                                                            │ _34000_/A1   │ met1  │
│ 1.22  │ 488.67  │ 400.00   │ net1525                                                            │ _33185_/A0   │ met1  │
│ 1.20  │ 479.67  │ 400.00   │ net1151                                                            │ _33044_/A0   │ met1  │
│ 1.18  │ 472.64  │ 400.00   │ _09109_                                                            │ _22472_/D    │ met1  │
│ 1.18  │ 472.22  │ 400.00   │ net1143                                                            │ _26189_/A    │ met1  │
│ 1.16  │ 465.11  │ 400.00   │ net814                                                             │ _29912_/B    │ met1  │
│ 1.16  │ 462.56  │ 400.00   │ net1335                                                            │ _33329_/A1   │ met1  │
│ 1.15  │ 461.79  │ 400.00   │ net718                                                             │ _27936_/A2   │ met1  │
│ 1.15  │ 3415.79 │ 2969.60  │ _14781_                                                            │ _30294_/B1   │ met4  │
│ 1.14  │ 456.06  │ 400.00   │ net1232                                                            │ _18390_/A0   │ met1  │
│ 1.14  │ 455.86  │ 400.00   │ u_user_peripherals.u_multi_uart.uart4.instance_to_wrap.tx_en       │ _30357_/A0   │ met1  │
│ 1.14  │ 455.59  │ 400.00   │ net424                                                             │ fanout423/A  │ met1  │
│ 1.14  │ 455.31  │ 400.00   │ net1489                                                            │ _32489_/A0   │ met1  │
│ 1.14  │ 454.64  │ 400.00   │ net1530                                                            │ _22836_/A0   │ met2  │
│ 1.13  │ 452.75  │ 400.00   │ net1379                                                            │ _32474_/A0   │ met1  │
│ 1.11  │ 442.94  │ 400.00   │ net2175                                                            │ _25463_/A_N  │ met1  │
│ 1.10  │ 442.00  │ 400.00   │ net1570                                                            │ _17709_/A1   │ met1  │
│ 1.10  │ 438.83  │ 400.00   │ net1613                                                            │ _17697_/A1   │ met1  │
│ 1.10  │ 438.80  │ 400.00   │ net1605                                                            │ fanout1603/A │ met1  │
│ 1.09  │ 434.36  │ 400.00   │ net1557                                                            │ _29823_/A    │ met1  │
│ 1.08  │ 3191.53 │ 2956.40  │ _16616_                                                            │ _32122_/A2   │ met4  │
│ 1.07  │ 428.58  │ 400.00   │ net1540                                                            │ _17482_/A1   │ met1  │
│ 1.07  │ 426.66  │ 400.00   │ net529                                                             │ _31227_/C1   │ met2  │
│ 1.06  │ 424.15  │ 400.00   │ net1527                                                            │ _32450_/A1   │ met2  │
│ 1.06  │ 424.15  │ 400.00   │ net1527                                                            │ _32461_/A0   │ met2  │
│ 1.06  │ 423.81  │ 400.00   │ net446                                                             │ _29758_/C    │ met1  │
│ 1.06  │ 423.78  │ 400.00   │ net91                                                              │ output91/A   │ met3  │
│ 1.06  │ 423.50  │ 400.00   │ net1637                                                            │ _33791_/A0   │ met1  │
│ 1.05  │ 420.44  │ 400.00   │ net2158                                                            │ _26824_/A0   │ met1  │
│ 1.05  │ 418.86  │ 400.00   │ _09881_                                                            │ _23499_/B    │ met1  │
│ 1.04  │ 415.83  │ 400.00   │ net1579                                                            │ _17481_/A1   │ met1  │
│ 1.03  │ 413.44  │ 400.00   │ net1977                                                            │ fanout1962/A │ met1  │
│ 1.02  │ 406.25  │ 400.00   │ _09847_                                                            │ _23464_/B    │ met1  │
│ 1.01  │ 403.72  │ 400.00   │ net1648                                                            │ _17402_/A1   │ met1  │
│ 1.00  │ 401.44  │ 400.00   │ net1923                                                            │ fanout1916/A │ met1  │
└───────┴─────────┴──────────┴────────────────────────────────────────────────────────────────────┴──────────────┴───────┘
