
===========================================================================
 report_power
============================================================================
======================= nom_ff_n40C_1v95 Corner ===================================

Group                    Internal    Switching      Leakage        Total
                            Power        Power        Power        Power (Watts)
------------------------------------------------------------------------
Sequential           1.101579e-02 3.249724e-06 9.705110e-08 1.101914e-02  39.9%
Combinational        2.143571e-04 5.458903e-04 2.879284e-07 7.605354e-04   2.8%
Clock                1.033921e-02 5.513636e-03 6.919652e-07 1.585353e-02  57.4%
Macro                0.000000e+00 0.000000e+00 0.000000e+00 0.000000e+00   0.0%
Pad                  0.000000e+00 0.000000e+00 0.000000e+00 0.000000e+00   0.0%
------------------------------------------------------------------------
Total                2.156929e-02 6.062774e-03 1.076997e-06 2.763314e-02 100.0%
                            78.1%        21.9%         0.0%

