Clock: clk
Sources: wb_clk_i 
Generated: no
Virtual: yes
Propagated: no
Period: 25.000000

===========================================================================
report_clock_properties
============================================================================
Clock                   Period          Waveform
----------------------------------------------------
clk                  25.000000    0.000000 12.500000

===========================================================================
report_clock_latency
============================================================================
Clock clk
rise -> rise
    min     max
4.650000 5.570000 source latency
6.769954         network latency _35073_/CLK
        8.158137 network latency _35806_/CLK
---------------
11.419954 13.728137 latency
        2.308183 skew

fall -> fall
    min     max
4.650000 5.570000 source latency
6.736352         network latency _35073_/CLK
        8.067353 network latency _35806_/CLK
---------------
11.386352 13.637353 latency
        2.251001 skew



===========================================================================
report_clock_min_period
============================================================================
clk period_min = 10.42 fmax = 95.97
